(program
  (let
    (nonrec)
    (termbind
      (strict)
      (vardecl addInteger (fun (con integer) (fun (con integer) (con integer))))
      (builtin addInteger)
    )
    [ [ addInteger (con integer 1) ] (con integer 1) ]
  )
)