(program
  (let
    (nonrec)
    (termbind
      (strict)
      (vardecl addInteger (fun (con integer) (fun (con integer) (con integer))))
      (builtin addInteger)
    )
    (lam x (con integer) [ [ addInteger [ [ addInteger x ] x ] ] x ])
  )
)