[ entering fact
, entering fact
, entering fact
, entering fact
, entering fact
, exiting fact
, exiting fact
, exiting fact
, exiting fact
, exiting fact ]