[ entering fib
, entering fib
, entering fib
, entering fib
, exiting fib
, entering fib
, exiting fib
, exiting fib
, entering fib
, exiting fib
, exiting fib
, entering fib
, entering fib
, exiting fib
, entering fib
, exiting fib
, exiting fib
, exiting fib ]