[ entering f
, entering f
, entering f
, entering f
, exiting f
, exiting f
, exiting f
, exiting f ]