(program
  (let
    (nonrec)
    (datatypebind
      (datatype
        (tyvardecl MyEnum (type))

        MyEnum_match
        (vardecl Enum MyEnum) (vardecl Enum MyEnum)
      )
    )
    (termbind
      (strict)
      (vardecl error (all a (type) (fun (con unit) a)))
      (abs a (type) (lam thunk (con unit) (error a)))
    )
    (termbind (strict) (vardecl unitval (con unit)) (con unit ()))
    (lam
      ds
      MyEnum
      {
        [
          [
            { [ MyEnum_match ds ] (all dead (type) (con integer)) }
            (abs dead (type) (con integer 1))
          ]
          (abs dead (type) [ { error (con integer) } unitval ])
        ]
        (all dead (type) dead)
      }
    )
  )
)