(program
  0.0.0
  (con
    BLS12_381G1Element
    0xc00000000000000000000000000000000000000000000000000000000000000000000000000000000000000000000000
  )
)