(program
  1.0.0
  (con
    BLS12_381G1Element
    0xa4870e983a149bb1e7cc70fde907a2aa52302833bce4d62f679819022924e9caab52e3631d376d36d9692664b4cfbc22
  )
)