(program
  1.0.0
  [
    (lam
      appendByteString_i0
      (lam x_i0 [ [ appendByteString_i2 (con bytestring #68656c6c6f) ] x_i1 ])
    )
    (builtin appendByteString)
  ]
)