(program
  (let
    (nonrec)
    (datatypebind
      (datatype (tyvardecl Unit (type))  Unit_match (vardecl Unit Unit))
    )
    (datatypebind
      (datatype
        (tyvardecl Bool (type))

        Bool_match
        (vardecl True Bool) (vardecl False Bool)
      )
    )
    (termbind
      (strict)
      (vardecl error (all a (type) (fun (con unit) a)))
      (abs a (type) (lam thunk (con unit) (error a)))
    )
    (termbind
      (strict)
      (vardecl trace (all a (type) (fun (con string) (fun a a))))
      (builtin trace)
    )
    (termbind (strict) (vardecl unitval (con unit)) (con unit ()))
    (lam
      ds
      Bool
      {
        [
          [
            { [ Bool_match ds ] (all dead (type) Unit) }
            (abs dead (type) [ [ { trace Unit } (con string "yes") ] Unit ])
          ]
          (abs
            dead
            (type)
            [
              { error Unit }
              (let
                (nonrec)
                (termbind
                  (strict)
                  (vardecl wild Unit)
                  [ [ { trace Unit } (con string "no") ] Unit ]
                )
                unitval
              )
            ]
          )
        ]
        (all dead (type) dead)
      }
    )
  )
)