(program
  0.0.0
  (con
    BLS12_381G1Element
    0x81e9a0c68985059bd25a5ef05b351ca22f7d7c19e37928583ae12a1f4939440ff754cfd85b23df4a54f66c7089db6deb
  )
)