(program
  (let
    (nonrec)
    (termbind
      (strict)
      (vardecl addInteger (fun (con integer) (fun (con integer) (con integer))))
      (builtin addInteger)
    )
    (lam
      ds
      (con integer)
      (lam
        ds
        (con integer)
        (let
          (rec)
          (termbind
            (nonstrict) (vardecl q (con integer)) [ [ addInteger ds ] z ]
          )
          (termbind
            (nonstrict) (vardecl z (con integer)) [ [ addInteger ds ] q ]
          )
          (let
            (nonrec)
            (termbind (strict) (vardecl z (con integer)) z)
            (termbind (strict) (vardecl q (con integer)) q)
            [ [ addInteger z ] z ]
          )
        )
      )
    )
  )
)